******************************************************************************
                  TI ARM Linker PC v20.2.5                     
******************************************************************************
>> Linked Tue May 11 14:13:49 2021

OUTPUT FILE NAME:   <HolaMundo.out>
ENTRY POINT SYMBOL: "_c_int00_noargs"  address: 00000a71


MEMORY CONFIGURATION

         name            origin    length      used     unused   attr    fill
----------------------  --------  ---------  --------  --------  ----  --------
  FLASH                 00000000   00040000  00000d3e  0003f2c2  R  X
  SRAM                  20000000   00008000  00000210  00007df0  RW X


SEGMENT ALLOCATION MAP

run origin  load origin   length   init length attrs members
----------  ----------- ---------- ----------- ----- -------
00000000    00000000    00000d40   00000d40    r-x
  00000000    00000000    0000026c   0000026c    r-- .intvecs
  0000026c    0000026c    000009c6   000009c6    r-x .text
  00000c34    00000c34    000000dc   000000dc    r-- .const
  00000d10    00000d10    00000030   00000030    r-- .cinit
20000000    20000000    00000210   00000000    rw-
  20000000    20000000    00000200   00000000    rw- .stack
  20000200    20000200    0000000c   00000000    rw- .data
  2000020c    2000020c    00000004   00000000    rw- .bss


SECTION ALLOCATION MAP

 output                                  attributes/
section   page    origin      length       input sections
--------  ----  ----------  ----------   ----------------
.intvecs   0    00000000    0000026c     
                  00000000    0000026c     tm4c123gh6pm_startup_ccs.obj (.intvecs)

.text      0    0000026c    000009c6     
                  0000026c    00000240     main.obj (.text)
                  000004ac    00000132     driverlib.lib : gpio.obj (.text:GPIOPadConfigSet)
                  000005de    00000002     --HOLE-- [fill = 0]
                  000005e0    00000110                   : sysctl.obj (.text:SysCtlClockGet)
                  000006f0    000000f4                   : sysctl.obj (.text:SysCtlClockSet)
                  000007e4    0000009c     rtsv7M4_T_le_v4SPD16_eabi.lib : memcpy_t2.asm.obj (.text)
                  00000880    00000068     driverlib.lib : interrupt.obj (.text:IntEnable)
                  000008e8    00000068     rtsv7M4_T_le_v4SPD16_eabi.lib : copy_decompress_lzss.c.obj (.text:decompress:lzss:__TI_decompress_lzss)
                  00000950    00000060     driverlib.lib : timer.obj (.text:TimerConfigure)
                  000009b0    00000046                   : uart.obj (.text:UARTConfigSetExpClk)
                  000009f6    00000002     --HOLE-- [fill = 0]
                  000009f8    00000044     rtsv7M4_T_le_v4SPD16_eabi.lib : autoinit.c.obj (.text:__TI_auto_init_nobinit_nopinit:__TI_auto_init_nobinit_nopinit)
                  00000a3c    00000034     driverlib.lib : sysctl.obj (.text:SysCtlPeripheralEnable)
                  00000a70    00000034     rtsv7M4_T_le_v4SPD16_eabi.lib : boot_cortex_m.c.obj (.text:_c_int00_noargs:_c_int00_noargs)
                  00000aa4    0000002a     driverlib.lib : gpio.obj (.text:GPIODirModeSet)
                  00000ace    00000002     --HOLE-- [fill = 0]
                  00000ad0    00000020                   : uart.obj (.text:UARTDisable)
                  00000af0    0000001c     rtsv7M4_T_le_v4SPD16_eabi.lib : copy_zero_init.c.obj (.text:decompress:ZI:__TI_zero_init_nomemset:__TI_zero_init_nomemset)
                  00000b0c    00000018     driverlib.lib : gpio.obj (.text:GPIOPinTypeGPIOOutput)
                  00000b24    00000014                   : systick.obj (.text:SysTickDisable)
                  00000b38    00000014                   : systick.obj (.text:SysTickEnable)
                  00000b4c    00000014                   : uart.obj (.text:UARTEnable)
                  00000b60    00000012                   : gpio.obj (.text:GPIOPinTypeGPIOInput)
                  00000b72    00000012                   : gpio.obj (.text:GPIOPinTypeUART)
                  00000b84    00000012                   : timer.obj (.text:TimerLoadSet)
                  00000b96    00000010                   : interrupt.obj (.text:IntMasterEnable)
                  00000ba6    00000002     --HOLE-- [fill = 0]
                  00000ba8    00000010                   : systick.obj (.text:SysTickPeriodSet)
                  00000bb8    0000000e                   : timer.obj (.text:TimerEnable)
                  00000bc6    0000000e     rtsv7M4_T_le_v4SPD16_eabi.lib : copy_decompress_none.c.obj (.text:decompress:none:__TI_decompress_none)
                  00000bd4    0000000c     driverlib.lib : cpu.obj (.text:CPUcpsie)
                  00000be0    0000000c     tm4c123gh6pm_startup_ccs.obj (.text)
                  00000bec    0000000a     driverlib.lib : uart.obj (.text:UARTCharGet)
                  00000bf6    0000000a                   : uart.obj (.text:UARTCharPut)
                  00000c00    00000008                   : timer.obj (.text:TimerIntEnable)
                  00000c08    00000008                   : uart.obj (.text:UARTIntEnable)
                  00000c10    00000006                   : gpio.obj (.text:GPIOPinRead)
                  00000c16    00000006                   : gpio.obj (.text:GPIOPinWrite)
                  00000c1c    00000006                   : sysctl.obj (.text:SysCtlDelay)
                  00000c22    00000004                   : timer.obj (.text:TimerIntClear)
                  00000c26    00000004                   : uart.obj (.text:UARTIntClear)
                  00000c2a    00000004     rtsv7M4_T_le_v4SPD16_eabi.lib : pre_init.c.obj (.text:_system_pre_init)
                  00000c2e    00000004                                   : exit.c.obj (.text:abort:abort)

.const     0    00000c34    000000dc     
                  00000c34    00000070     driverlib.lib : interrupt.obj (.const)
                  00000ca4    0000006c                   : sysctl.obj (.const:g_pui32Xtals)

.cinit     0    00000d10    00000030     
                  00000d10    0000000c     (.cinit..data.load) [load image, compression = lzss]
                  00000d1c    0000000c     (__TI_handler_table)
                  00000d28    00000008     (.cinit..bss.load) [load image, compression = zero_init]
                  00000d30    00000010     (__TI_cinit_table)

.init_array 
*          0    00000000    00000000     UNINITIALIZED

.data      0    20000200    0000000c     UNINITIALIZED
                  20000200    0000000c     main.obj (.data)

.bss       0    2000020c    00000004     UNINITIALIZED
                  2000020c    00000004     (.common:ui32Period)

.stack     0    20000000    00000200     UNINITIALIZED
                  20000000    00000004     rtsv7M4_T_le_v4SPD16_eabi.lib : boot_cortex_m.c.obj (.stack)
                  20000004    000001fc     --HOLE--

__llvm_prf_cnts 
*          0    20000000    00000000     UNINITIALIZED

MODULE SUMMARY

       Module                         code   ro data   rw data
       ------                         ----   -------   -------
    .\
       tm4c123gh6pm_startup_ccs.obj   12     620       0      
       main.obj                       576    0         16     
    +--+------------------------------+------+---------+---------+
       Total:                         588    620       16     
                                                              
    C:/ti/TivaWare_C_Series-2.1.4.178/driverlib/ccs/Debug/driverlib.lib
       sysctl.obj                     574    108       0      
       gpio.obj                       420    0         0      
       interrupt.obj                  120    112       0      
       uart.obj                       154    0         0      
       timer.obj                      140    0         0      
       systick.obj                    56     0         0      
       cpu.obj                        12     0         0      
    +--+------------------------------+------+---------+---------+
       Total:                         1476   220       0      
                                                              
    C:\ti\ccs1031\ccs\tools\compiler\ti-cgt-arm_20.2.5.LTS\lib\rtsv7M4_T_le_v4SPD16_eabi.lib
       memcpy_t2.asm.obj              156    0         0      
       copy_decompress_lzss.c.obj     104    0         0      
       autoinit.c.obj                 68     0         0      
       boot_cortex_m.c.obj            52     0         0      
       copy_zero_init.c.obj           28     0         0      
       copy_decompress_none.c.obj     14     0         0      
       exit.c.obj                     4      0         0      
       pre_init.c.obj                 4      0         0      
    +--+------------------------------+------+---------+---------+
       Total:                         430    0         0      
                                                              
       Stack:                         0      0         512    
       Linker Generated:              0      48        0      
    +--+------------------------------+------+---------+---------+
       Grand Total:                   2494   888       528    


LINKER GENERATED COPY TABLES

__TI_cinit_table @ 00000d30 records: 2, size/record: 8, table size: 16
	.data: load addr=00000d10, load size=0000000c bytes, run addr=20000200, run size=0000000c bytes, compression=lzss
	.bss: load addr=00000d28, load size=00000008 bytes, run addr=2000020c, run size=00000004 bytes, compression=zero_init


LINKER GENERATED HANDLER TABLE

__TI_handler_table @ 00000d1c records: 3, size/record: 4, table size: 12
	index: 0, handler: __TI_decompress_lzss
	index: 1, handler: __TI_decompress_none
	index: 2, handler: __TI_zero_init


GLOBAL SYMBOLS: SORTED ALPHABETICALLY BY Name 

address   name                          
-------   ----                          
00000c2f  C$$EXIT                       
00000bd5  CPUcpsie                      
00000aa5  GPIODirModeSet                
000004ad  GPIOPadConfigSet              
00000c11  GPIOPinRead                   
00000b61  GPIOPinTypeGPIOInput          
00000b0d  GPIOPinTypeGPIOOutput         
00000b73  GPIOPinTypeUART               
00000c17  GPIOPinWrite                  
0000038d  InitUART                      
00000881  IntEnable                     
00000b97  IntMasterEnable               
00000be1  ResetISR                      
000005e1  SysCtlClockGet                
000006f1  SysCtlClockSet                
00000c1d  SysCtlDelay                   
00000a3d  SysCtlPeripheralEnable        
00000b25  SysTickDisable                
00000b39  SysTickEnable                 
00000ba9  SysTickPeriodSet              
000003d1  Timer0IntHandler              
00000951  TimerConfigure                
00000bb9  TimerEnable                   
00000c23  TimerIntClear                 
00000c01  TimerIntEnable                
00000b85  TimerLoadSet                  
00000401  Toggle                        
00000bed  UARTCharGet                   
00000bf7  UARTCharPut                   
000009b1  UARTConfigSetExpClk           
00000ad1  UARTDisable                   
00000b4d  UARTEnable                    
00000c27  UARTIntClear                  
00000c09  UARTIntEnable                 
000003e1  UARTIntHandler                
20000200  __STACK_END                   
00000200  __STACK_SIZE                  
20000200  __STACK_TOP                   
00000d30  __TI_CINIT_Base               
00000d40  __TI_CINIT_Limit              
00000d1c  __TI_Handler_Table_Base       
00000d28  __TI_Handler_Table_Limit      
000009f9  __TI_auto_init_nobinit_nopinit
000008e9  __TI_decompress_lzss          
00000bc7  __TI_decompress_none          
ffffffff  __TI_pprof_out_hndl           
ffffffff  __TI_prof_data_size           
ffffffff  __TI_prof_data_start          
00000000  __TI_static_base__            
00000af1  __TI_zero_init_nomemset       
000007e5  __aeabi_memcpy                
000007e5  __aeabi_memcpy4               
000007e5  __aeabi_memcpy8               
ffffffff  __binit__                     
ffffffff  __c_args__                    
UNDEFED   __mpu_init                    
20000000  __stack                       
20000000  __start___llvm_prf_cnts       
20000000  __stop___llvm_prf_cnts        
00000a71  _c_int00_noargs               
UNDEFED   _system_post_cinit            
00000c2b  _system_pre_init              
00000c2f  abort                         
ffffffff  binit                         
000002e1  delay                         
0000030d  delay1ms                      
00000000  g_pfnVectors                  
20000200  i                             
0000026d  main                          
000007e5  memcpy                        
20000208  op                            
20000204  receive                       
00000329  uart_test                     
2000020c  ui32Period                    


GLOBAL SYMBOLS: SORTED BY Symbol Address 

address   name                          
-------   ----                          
00000000  __TI_static_base__            
00000000  g_pfnVectors                  
00000200  __STACK_SIZE                  
0000026d  main                          
000002e1  delay                         
0000030d  delay1ms                      
00000329  uart_test                     
0000038d  InitUART                      
000003d1  Timer0IntHandler              
000003e1  UARTIntHandler                
00000401  Toggle                        
000004ad  GPIOPadConfigSet              
000005e1  SysCtlClockGet                
000006f1  SysCtlClockSet                
000007e5  __aeabi_memcpy                
000007e5  __aeabi_memcpy4               
000007e5  __aeabi_memcpy8               
000007e5  memcpy                        
00000881  IntEnable                     
000008e9  __TI_decompress_lzss          
00000951  TimerConfigure                
000009b1  UARTConfigSetExpClk           
000009f9  __TI_auto_init_nobinit_nopinit
00000a3d  SysCtlPeripheralEnable        
00000a71  _c_int00_noargs               
00000aa5  GPIODirModeSet                
00000ad1  UARTDisable                   
00000af1  __TI_zero_init_nomemset       
00000b0d  GPIOPinTypeGPIOOutput         
00000b25  SysTickDisable                
00000b39  SysTickEnable                 
00000b4d  UARTEnable                    
00000b61  GPIOPinTypeGPIOInput          
00000b73  GPIOPinTypeUART               
00000b85  TimerLoadSet                  
00000b97  IntMasterEnable               
00000ba9  SysTickPeriodSet              
00000bb9  TimerEnable                   
00000bc7  __TI_decompress_none          
00000bd5  CPUcpsie                      
00000be1  ResetISR                      
00000bed  UARTCharGet                   
00000bf7  UARTCharPut                   
00000c01  TimerIntEnable                
00000c09  UARTIntEnable                 
00000c11  GPIOPinRead                   
00000c17  GPIOPinWrite                  
00000c1d  SysCtlDelay                   
00000c23  TimerIntClear                 
00000c27  UARTIntClear                  
00000c2b  _system_pre_init              
00000c2f  C$$EXIT                       
00000c2f  abort                         
00000d1c  __TI_Handler_Table_Base       
00000d28  __TI_Handler_Table_Limit      
00000d30  __TI_CINIT_Base               
00000d40  __TI_CINIT_Limit              
20000000  __stack                       
20000000  __start___llvm_prf_cnts       
20000000  __stop___llvm_prf_cnts        
20000200  __STACK_END                   
20000200  __STACK_TOP                   
20000200  i                             
20000204  receive                       
20000208  op                            
2000020c  ui32Period                    
ffffffff  __TI_pprof_out_hndl           
ffffffff  __TI_prof_data_size           
ffffffff  __TI_prof_data_start          
ffffffff  __binit__                     
ffffffff  __c_args__                    
ffffffff  binit                         
UNDEFED   __mpu_init                    
UNDEFED   _system_post_cinit            

[74 symbols]
